C:\Program Files\Python311\python.exe: can't open file 'C:\\my-python-app\\app.py': [Errno 2] No such file or directory
C:\Program Files\Python311\python.exe: can't open file 'C:\\my-python-app\\app.py': [Errno 2] No such file or directory
C:\Program Files\Python311\python.exe: can't open file 'C:\\my-python-app\\app.py': [Errno 2] No such file or directory
C:\Program Files\Python311\python.exe: can't open file 'C:\\my-python-app\\app.py': [Errno 2] No such file or directory
C:\Program Files\Python311\python.exe: can't open file 'C:\\my-python-app\\app.py': [Errno 2] No such file or directory
C:\Program Files\Python311\python.exe: can't open file 'C:\\my-python-app\\app.py': [Errno 2] No such file or directory
C:\Program Files\Python311\python.exe: can't open file 'C:\\my-python-app\\app.py': [Errno 2] No such file or directory
C:\Program Files\Python311\python.exe: can't open file 'C:\\my-python-app\\app.py': [Errno 2] No such file or directory
C:\Program Files\Python311\python.exe: can't open file 'C:\\my-python-app\\app.py': [Errno 2] No such file or directory
C:\Program Files\Python311\python.exe: can't open file 'C:\\my-python-app\\app.py': [Errno 2] No such file or directory
C:\Program Files\Python311\python.exe: can't open file 'C:\\my-python-app\\app.py': [Errno 2] No such file or directory
C:\Program Files\Python311\python.exe: can't open file 'C:\\my-python-app\\app.py': [Errno 2] No such file or directory
C:\Program Files\Python311\python.exe: can't open file 'C:\\my-python-app\\app.py': [Errno 2] No such file or directory
C:\Program Files\Python311\python.exe: can't open file 'C:\\my-python-app\\app.py': [Errno 2] No such file or directory
C:\Program Files\Python311\python.exe: can't open file 'C:\\my-python-app\\app.py': [Errno 2] No such file or directory
C:\Program Files\Python311\python.exe: can't open file 'C:\\my-python-app\\app.py': [Errno 2] No such file or directory
C:\Program Files\Python311\python.exe: can't open file 'C:\\my-python-app\\app.py': [Errno 2] No such file or directory
C:\Program Files\Python311\python.exe: can't open file 'C:\\my-python-app\\app.py': [Errno 2] No such file or directory
C:\Program Files\Python311\python.exe: can't open file 'C:\\my-python-app\\app.py': [Errno 2] No such file or directory
C:\Program Files\Python311\python.exe: can't open file 'C:\\my-python-app\\app.py': [Errno 2] No such file or directory
C:\Program Files\Python311\python.exe: can't open file 'C:\\my-python-app\\app.py': [Errno 2] No such file or directory
C:\Program Files\Python311\python.exe: can't open file 'C:\\my-python-app\\app.py': [Errno 2] No such file or directory
C:\Program Files\Python311\python.exe: can't open file 'C:\\my-python-app\\app.py': [Errno 2] No such file or directory
C:\Program Files\Python311\python.exe: can't open file 'C:\\my-python-app\\app.py': [Errno 2] No such file or directory
C:\Program Files\Python311\python.exe: can't open file 'C:\\my-python-app\\app.py': [Errno 2] No such file or directory
C:\Program Files\Python311\python.exe: can't open file 'C:\\my-python-app\\app.py': [Errno 2] No such file or directory
C:\Program Files\Python311\python.exe: can't open file 'C:\\my-python-app\\app.py': [Errno 2] No such file or directory
C:\Program Files\Python311\python.exe: can't open file 'C:\\my-python-app\\app.py': [Errno 2] No such file or directory
C:\Program Files\Python311\python.exe: can't open file 'C:\\my-python-app\\app.py': [Errno 2] No such file or directory
C:\Program Files\Python311\python.exe: can't open file 'C:\\my-python-app\\app.py': [Errno 2] No such file or directory
C:\Program Files\Python311\python.exe: can't open file 'C:\\my-python-app\\app.py': [Errno 2] No such file or directory
C:\Program Files\Python311\python.exe: can't open file 'C:\\my-python-app\\app.py': [Errno 2] No such file or directory
C:\Program Files\Python311\python.exe: can't open file 'C:\\my-python-app\\app.py': [Errno 2] No such file or directory
C:\Program Files\Python311\python.exe: can't open file 'C:\\my-python-app\\app.py': [Errno 2] No such file or directory
C:\Program Files\Python311\python.exe: can't open file 'C:\\my-python-app\\app.py': [Errno 2] No such file or directory
C:\Program Files\Python311\python.exe: can't open file 'C:\\my-python-app\\app.py': [Errno 2] No such file or directory
C:\Program Files\Python311\python.exe: can't open file 'C:\\my-python-app\\app.py': [Errno 2] No such file or directory
C:\Program Files\Python311\python.exe: can't open file 'C:\\my-python-app\\app.py': [Errno 2] No such file or directory
C:\Program Files\Python311\python.exe: can't open file 'C:\\my-python-app\\app.py': [Errno 2] No such file or directory
C:\Program Files\Python311\python.exe: can't open file 'C:\\my-python-app\\app.py': [Errno 2] No such file or directory
C:\Program Files\Python311\python.exe: can't open file 'C:\\my-python-app\\app.py': [Errno 2] No such file or directory
C:\Program Files\Python311\python.exe: can't open file 'C:\\my-python-app\\app.py': [Errno 2] No such file or directory
C:\Program Files\Python311\python.exe: can't open file 'C:\\my-python-app\\app.py': [Errno 2] No such file or directory
C:\Program Files\Python311\python.exe: can't open file 'C:\\my-python-app\\app.py': [Errno 2] No such file or directory
C:\Program Files\Python311\python.exe: can't open file 'C:\\my-python-app\\app.py': [Errno 2] No such file or directory
C:\Program Files\Python311\python.exe: can't open file 'C:\\my-python-app\\app.py': [Errno 2] No such file or directory
C:\Program Files\Python311\python.exe: can't open file 'C:\\my-python-app\\app.py': [Errno 2] No such file or directory
C:\Program Files\Python311\python.exe: can't open file 'C:\\my-python-app\\app.py': [Errno 2] No such file or directory
C:\Program Files\Python311\python.exe: can't open file 'C:\\my-python-app\\app.py': [Errno 2] No such file or directory
C:\Program Files\Python311\python.exe: can't open file 'C:\\my-python-app\\app.py': [Errno 2] No such file or directory
C:\Program Files\Python311\python.exe: can't open file 'C:\\my-python-app\\app.py': [Errno 2] No such file or directory
C:\Program Files\Python311\python.exe: can't open file 'C:\\my-python-app\\app.py': [Errno 2] No such file or directory
C:\Program Files\Python311\python.exe: can't open file 'C:\\my-python-app\\app.py': [Errno 2] No such file or directory
C:\Program Files\Python311\python.exe: can't open file 'C:\\my-python-app\\app.py': [Errno 2] No such file or directory
C:\Program Files\Python311\python.exe: can't open file 'C:\\my-python-app\\app.py': [Errno 2] No such file or directory
C:\Program Files\Python311\python.exe: can't open file 'C:\\my-python-app\\app.py': [Errno 2] No such file or directory
C:\Program Files\Python311\python.exe: can't open file 'C:\\my-python-app\\app.py': [Errno 2] No such file or directory
C:\Program Files\Python311\python.exe: can't open file 'C:\\my-python-app\\app.py': [Errno 2] No such file or directory
C:\Program Files\Python311\python.exe: can't open file 'C:\\my-python-app\\app.py': [Errno 2] No such file or directory
C:\Program Files\Python311\python.exe: can't open file 'C:\\my-python-app\\app.py': [Errno 2] No such file or directory
C:\Program Files\Python311\python.exe: can't open file 'C:\\my-python-app\\app.py': [Errno 2] No such file or directory
C:\Program Files\Python311\python.exe: can't open file 'C:\\my-python-app\\app.py': [Errno 2] No such file or directory
C:\Program Files\Python311\python.exe: can't open file 'C:\\my-python-app\\app.py': [Errno 2] No such file or directory
C:\Program Files\Python311\python.exe: can't open file 'C:\\my-python-app\\app.py': [Errno 2] No such file or directory
C:\Program Files\Python311\python.exe: can't open file 'C:\\my-python-app\\app.py': [Errno 2] No such file or directory
C:\Program Files\Python311\python.exe: can't open file 'C:\\my-python-app\\app.py': [Errno 2] No such file or directory
C:\Program Files\Python311\python.exe: can't open file 'C:\\my-python-app\\app.py': [Errno 2] No such file or directory
C:\Program Files\Python311\python.exe: can't open file 'C:\\my-python-app\\app.py': [Errno 2] No such file or directory
C:\Program Files\Python311\python.exe: can't open file 'C:\\my-python-app\\app.py': [Errno 2] No such file or directory
C:\Program Files\Python311\python.exe: can't open file 'C:\\my-python-app\\app.py': [Errno 2] No such file or directory
C:\Program Files\Python311\python.exe: can't open file 'C:\\my-python-app\\app.py': [Errno 2] No such file or directory
C:\Program Files\Python311\python.exe: can't open file 'C:\\my-python-app\\app.py': [Errno 2] No such file or directory
C:\Program Files\Python311\python.exe: can't open file 'C:\\my-python-app\\app.py': [Errno 2] No such file or directory
C:\Program Files\Python311\python.exe: can't open file 'C:\\my-python-app\\app.py': [Errno 2] No such file or directory
C:\Program Files\Python311\python.exe: can't open file 'C:\\my-python-app\\app.py': [Errno 2] No such file or directory
C:\Program Files\Python311\python.exe: can't open file 'C:\\my-python-app\\app.py': [Errno 2] No such file or directory
C:\Program Files\Python311\python.exe: can't open file 'C:\\my-python-app\\app.py': [Errno 2] No such file or directory
C:\Program Files\Python311\python.exe: can't open file 'C:\\my-python-app\\app.py': [Errno 2] No such file or directory
C:\Program Files\Python311\python.exe: can't open file 'C:\\my-python-app\\app.py': [Errno 2] No such file or directory
C:\Program Files\Python311\python.exe: can't open file 'C:\\my-python-app\\app.py': [Errno 2] No such file or directory
C:\Program Files\Python311\python.exe: can't open file 'C:\\my-python-app\\app.py': [Errno 2] No such file or directory
C:\Program Files\Python311\python.exe: can't open file 'C:\\my-python-app\\app.py': [Errno 2] No such file or directory
C:\Program Files\Python311\python.exe: can't open file 'C:\\my-python-app\\app.py': [Errno 2] No such file or directory
C:\Program Files\Python311\python.exe: can't open file 'C:\\my-python-app\\app.py': [Errno 2] No such file or directory
C:\Program Files\Python311\python.exe: can't open file 'C:\\my-python-app\\app.py': [Errno 2] No such file or directory
C:\Program Files\Python311\python.exe: can't open file 'C:\\my-python-app\\app.py': [Errno 2] No such file or directory
C:\Program Files\Python311\python.exe: can't open file 'C:\\my-python-app\\app.py': [Errno 2] No such file or directory
C:\Program Files\Python311\python.exe: can't open file 'C:\\my-python-app\\app.py': [Errno 2] No such file or directory
C:\Program Files\Python311\python.exe: can't open file 'C:\\my-python-app\\app.py': [Errno 2] No such file or directory
C:\Program Files\Python311\python.exe: can't open file 'C:\\my-python-app\\app.py': [Errno 2] No such file or directory
C:\Program Files\Python311\python.exe: can't open file 'C:\\my-python-app\\app.py': [Errno 2] No such file or directory
C:\Program Files\Python311\python.exe: can't open file 'C:\\my-python-app\\app.py': [Errno 2] No such file or directory
C:\Program Files\Python311\python.exe: can't open file 'C:\\my-python-app\\app.py': [Errno 2] No such file or directory
C:\Program Files\Python311\python.exe: can't open file 'C:\\my-python-app\\app.py': [Errno 2] No such file or directory
C:\Program Files\Python311\python.exe: can't open file 'C:\\my-python-app\\app.py': [Errno 2] No such file or directory
C:\Program Files\Python311\python.exe: can't open file 'C:\\my-python-app\\app.py': [Errno 2] No such file or directory
C:\Program Files\Python311\python.exe: can't open file 'C:\\my-python-app\\app.py': [Errno 2] No such file or directory
C:\Program Files\Python311\python.exe: can't open file 'C:\\my-python-app\\app.py': [Errno 2] No such file or directory
C:\Program Files\Python311\python.exe: can't open file 'C:\\my-python-app\\app.py': [Errno 2] No such file or directory
C:\Program Files\Python311\python.exe: can't open file 'C:\\my-python-app\\app.py': [Errno 2] No such file or directory
C:\Program Files\Python311\python.exe: can't open file 'C:\\my-python-app\\app.py': [Errno 2] No such file or directory
C:\Program Files\Python311\python.exe: can't open file 'C:\\my-python-app\\app.py': [Errno 2] No such file or directory
C:\Program Files\Python311\python.exe: can't open file 'C:\\my-python-app\\app.py': [Errno 2] No such file or directory
C:\Program Files\Python311\python.exe: can't open file 'C:\\my-python-app\\app.py': [Errno 2] No such file or directory
C:\Program Files\Python311\python.exe: can't open file 'C:\\my-python-app\\app.py': [Errno 2] No such file or directory
C:\Program Files\Python311\python.exe: can't open file 'C:\\my-python-app\\app.py': [Errno 2] No such file or directory
C:\Program Files\Python311\python.exe: can't open file 'C:\\my-python-app\\app.py': [Errno 2] No such file or directory
C:\Program Files\Python311\python.exe: can't open file 'C:\\my-python-app\\app.py': [Errno 2] No such file or directory
C:\Program Files\Python311\python.exe: can't open file 'C:\\my-python-app\\app.py': [Errno 2] No such file or directory
C:\Program Files\Python311\python.exe: can't open file 'C:\\my-python-app\\app.py': [Errno 2] No such file or directory
C:\Program Files\Python311\python.exe: can't open file 'C:\\my-python-app\\app.py': [Errno 2] No such file or directory
C:\Program Files\Python311\python.exe: can't open file 'C:\\my-python-app\\app.py': [Errno 2] No such file or directory
C:\Program Files\Python311\python.exe: can't open file 'C:\\my-python-app\\app.py': [Errno 2] No such file or directory
C:\Program Files\Python311\python.exe: can't open file 'C:\\my-python-app\\app.py': [Errno 2] No such file or directory
C:\Program Files\Python311\python.exe: can't open file 'C:\\my-python-app\\app.py': [Errno 2] No such file or directory
C:\Program Files\Python311\python.exe: can't open file 'C:\\my-python-app\\app.py': [Errno 2] No such file or directory
C:\Program Files\Python311\python.exe: can't open file 'C:\\my-python-app\\app.py': [Errno 2] No such file or directory
C:\Program Files\Python311\python.exe: can't open file 'C:\\my-python-app\\app.py': [Errno 2] No such file or directory
C:\Program Files\Python311\python.exe: can't open file 'C:\\my-python-app\\app.py': [Errno 2] No such file or directory
C:\Program Files\Python311\python.exe: can't open file 'C:\\my-python-app\\app.py': [Errno 2] No such file or directory
C:\Program Files\Python311\python.exe: can't open file 'C:\\my-python-app\\app.py': [Errno 2] No such file or directory
C:\Program Files\Python311\python.exe: can't open file 'C:\\my-python-app\\app.py': [Errno 2] No such file or directory
C:\Program Files\Python311\python.exe: can't open file 'C:\\my-python-app\\app.py': [Errno 2] No such file or directory
C:\Program Files\Python311\python.exe: can't open file 'C:\\my-python-app\\app.py': [Errno 2] No such file or directory
C:\Program Files\Python311\python.exe: can't open file 'C:\\my-python-app\\app.py': [Errno 2] No such file or directory
C:\Program Files\Python311\python.exe: can't open file 'C:\\my-python-app\\app.py': [Errno 2] No such file or directory
C:\Program Files\Python311\python.exe: can't open file 'C:\\my-python-app\\app.py': [Errno 2] No such file or directory
C:\Program Files\Python311\python.exe: can't open file 'C:\\my-python-app\\app.py': [Errno 2] No such file or directory
C:\Program Files\Python311\python.exe: can't open file 'C:\\my-python-app\\app.py': [Errno 2] No such file or directory
C:\Program Files\Python311\python.exe: can't open file 'C:\\my-python-app\\app.py': [Errno 2] No such file or directory
C:\Program Files\Python311\python.exe: can't open file 'C:\\my-python-app\\app.py': [Errno 2] No such file or directory
C:\Program Files\Python311\python.exe: can't open file 'C:\\my-python-app\\app.py': [Errno 2] No such file or directory
C:\Program Files\Python311\python.exe: can't open file 'C:\\my-python-app\\app.py': [Errno 2] No such file or directory
C:\Program Files\Python311\python.exe: can't open file 'C:\\my-python-app\\app.py': [Errno 2] No such file or directory
  File "C:\my-python-app\app.py", line 6
    return "Server Python Flask running!"
    ^
IndentationError: expected an indented block after function definition on line 5
  File "C:\my-python-app\app.py", line 6
    return "Server Python Flask running!"
    ^
IndentationError: expected an indented block after function definition on line 5
  File "C:\my-python-app\app.py", line 6
    return "Server Python Flask running!"
    ^
IndentationError: expected an indented block after function definition on line 5
  File "C:\my-python-app\app.py", line 6
    return "Server Python Flask running!"
    ^
IndentationError: expected an indented block after function definition on line 5
  File "C:\my-python-app\app.py", line 6
    return "Server Python Flask running!"
    ^
IndentationError: expected an indented block after function definition on line 5
  File "C:\my-python-app\app.py", line 6
    return "Server Python Flask running!"
    ^
IndentationError: expected an indented block after function definition on line 5
